// Jest Snapshot v1, https://goo.gl/fbAQLP

exports[`UsersController findOne should return undefined for a non-existing user 1`] = `undefined`;
